// Jest Snapshot v1, https://goo.gl/fbAQLP

exports[`should render Expense List Item 1`] = `
<div>
  <Link
    to="/edit/1"
  >
    gum
  </Link>
  <p>
    $10.00
    -
    January 1st, 1970
  </p>
</div>
`;
