// Jest Snapshot v1, https://goo.gl/fbAQLP

exports[`should render header 1`] = `
<div>
  error 404! - 
  <Link
    to="/"
  >
    Go Home
  </Link>
</div>
`;
